<html>
<body>
<pre>
<h1>µVision Build Log</h1>
<h2>Project:</h2>
C:\Keil\EE319KwareSpring2018\lab-4-mina-and-isaac-master\Lab4.uvproj
Project File Date:  02/18/2018

<h2>Output:</h2>
Build target 'Lab4'
linking...
Program Size: Code=2244 RO-data=240 RW-data=48 ZI-data=1080  
".\Lab4.axf" - 0 Error(s), 0 Warning(s).
Error(s), 0 Warning(s).
s).
Target not created
ted
8\\lab-4-mina-and-isaac-master\\Lab4.axf" 
_____^
*** error 56: cannot open file
Error: Flash Download failed  -  Could not load file 'C:\Keil\EE319KwareSpring2018\lab-4-mina-and-isaac-master\Lab4.axf'
