


ARM Macro Assembler    Page 1 


    1 00000000         ; SysTick.s
    2 00000000         ; Module written by: Isaac Feldman and Mina Gawargious
    3 00000000         ; Date Created: 2/14/2017
    4 00000000         ; Last Modified: 2/12/2018 
    5 00000000         ; Brief Description: Initializes SysTick
    6 00000000         
    7 00000000 E000E010 
                       NVIC_ST_CTRL_R
                               EQU              0xE000E010
    8 00000000 E000E014 
                       NVIC_ST_RELOAD_R
                               EQU              0xE000E014
    9 00000000 E000E018 
                       NVIC_ST_CURRENT_R
                               EQU              0xE000E018
   10 00000000         
   11 00000000                 AREA             |.text|, CODE, READONLY, ALIGN=
2
   12 00000000                 THUMB
   13 00000000         ; -UUU- You add code here to export your routine(s) from
                        SysTick.s to main.s
   14 00000000                 EXPORT           SysTick_Init
   15 00000000         
   16 00000000         ;------------SysTick_Init------------
   17 00000000         ; ;-UUU-Complete this subroutine
   18 00000000         ; Initialize SysTick running at bus clock.
   19 00000000                 IMPORT           TExaS_Init
   20 00000000         ; Make it so NVIC_ST_CURRENT_R can be used as a 24-bit t
                       ime
   21 00000000 480D            LDR              R0, =NVIC_ST_CURRENT_R
   22 00000002 6801            LDR              R1, [R0]
   23 00000004 F021 417F       AND              R1, #0x00FFFFFF
   24 00000008 6001            STR              R1, [R0]
   25 0000000A         ; Input: none
   26 0000000A         ; Output: none
   27 0000000A         ; Modifies: ??
   28 0000000A         SysTick_Init
   29 0000000A         ; **-UUU-**Implement this function****
   30 0000000A B507            PUSH             {R0, R1, R2, LR}
   31 0000000C         
   32 0000000C F7FF FFFE       BL               TExaS_Init
   33 00000010         
   34 00000010 480A            LDR              R0, =NVIC_ST_CTRL_R
   35 00000012 7801            LDRB             R1, [R0]
   36 00000014 F001 01FE       AND              R1, #0xFE   ;Disable clock for 
                                                            SysTick (bit 0).
   37 00000018 7001            STRB             R1, [R0]
   38 0000001A         
   39 0000001A 4809            LDR              R0, =NVIC_ST_RELOAD_R
   40 0000001C 4909            LDR              R1, =0x00FFFFFF
   41 0000001E 6001            STR              R1, [R0]
   42 00000020         
   43 00000020 4805            LDR              R0, =NVIC_ST_CURRENT_R
   44 00000022 F04F 0100       MOV              R1, #0
   45 00000026 8001            STRH             R1, [R0]
   46 00000028         
   47 00000028 4804            LDR              R0, =NVIC_ST_CTRL_R
   48 0000002A 7801            LDRB             R1, [R0]
   49 0000002C F041 0105       ORR              R1, #0x05   ;Toggle enable and 



ARM Macro Assembler    Page 2 


                                                            clock source bits (
                                                            xxxxx101)
   50 00000030 7001            STRB             R1, [R0]
   51 00000032         
   52 00000032         
   53 00000032 E8BD 4007       POP              {R0, R1, R2, LR}
   54 00000036         
   55 00000036 4770            BX               LR          ; return
   56 00000038         
   57 00000038                 ALIGN                        ; make sure the end
                                                             of this section is
                                                             aligned
   58 00000038                 END                          ; end of file
              E000E018 
              E000E010 
              E000E014 
              00FFFFFF 
Command Line: --debug --xref --cpu=Cortex-M4 --apcs=interwork --depend=.\systic
k.d -o.\systick.o -IC:\Keil\ARM\RV31\INC -IC:\Keil\ARM\CMSIS\Include -IC:\Keil\
ARM\Inc\Luminary --predefine="__EVAL SETA 1" --list=.\systick.lst SysTick.s



ARM Macro Assembler    Page 1 Alphabetic symbol ordering
Relocatable symbols

.text 00000000

Symbol: .text
   Definitions
      At line 11 in file SysTick.s
   Uses
      None
Comment: .text unused
SysTick_Init 0000000A

Symbol: SysTick_Init
   Definitions
      At line 28 in file SysTick.s
   Uses
      At line 14 in file SysTick.s
Comment: SysTick_Init used once
2 symbols



ARM Macro Assembler    Page 1 Alphabetic symbol ordering
Absolute symbols

NVIC_ST_CTRL_R E000E010

Symbol: NVIC_ST_CTRL_R
   Definitions
      At line 7 in file SysTick.s
   Uses
      At line 34 in file SysTick.s
      At line 47 in file SysTick.s

NVIC_ST_CURRENT_R E000E018

Symbol: NVIC_ST_CURRENT_R
   Definitions
      At line 9 in file SysTick.s
   Uses
      At line 21 in file SysTick.s
      At line 43 in file SysTick.s

NVIC_ST_RELOAD_R E000E014

Symbol: NVIC_ST_RELOAD_R
   Definitions
      At line 8 in file SysTick.s
   Uses
      At line 39 in file SysTick.s
Comment: NVIC_ST_RELOAD_R used once
3 symbols



ARM Macro Assembler    Page 1 Alphabetic symbol ordering
External symbols

TExaS_Init 00000000

Symbol: TExaS_Init
   Definitions
      At line 19 in file SysTick.s
   Uses
      At line 32 in file SysTick.s
Comment: TExaS_Init used once
1 symbol
339 symbols in table
