


ARM Macro Assembler    Page 1 


    1 00000000         ; SysTick.s
    2 00000000         ; Module written by: **-UUU-*Your Names**update this***
    3 00000000         ; Date Created: 2/14/2017
    4 00000000         ; Last Modified: 2/12/2018 
    5 00000000         ; Brief Description: Initializes SysTick
    6 00000000         
    7 00000000 E000E010 
                       NVIC_ST_CTRL_R
                               EQU              0xE000E010
    8 00000000 E000E014 
                       NVIC_ST_RELOAD_R
                               EQU              0xE000E014
    9 00000000 E000E018 
                       NVIC_ST_CURRENT_R
                               EQU              0xE000E018
   10 00000000         
   11 00000000                 AREA             |.text|, CODE, READONLY, ALIGN=
2
   12 00000000                 THUMB
   13 00000000         ; -UUU- You add code here to export your routine(s) from
                        SysTick.s to main.s
   14 00000000         
   15 00000000         ;------------SysTick_Init------------
   16 00000000         ; ;-UUU-Complete this subroutine
   17 00000000         ; Initialize SysTick running at bus clock.
   18 00000000         ; Make it so NVIC_ST_CURRENT_R can be used as a 24-bit t
                       ime
   19 00000000         ; Input: none
   20 00000000         ; Output: none
   21 00000000         ; Modifies: ??
   22 00000000         SysTick_Init
   23 00000000         ; **-UUU-**Implement this function****
   24 00000000         
   25 00000000 4770            BX               LR          ; return
   26 00000002         
   27 00000002         
   28 00000002 00 00           ALIGN                        ; make sure the end
                                                             of this section is
                                                             aligned
   29 00000004                 END                          ; end of file
Command Line: --debug --xref --cpu=Cortex-M4 --apcs=interwork --depend=.\systic
k.d -o.\systick.o -IC:\Keil\ARM\RV31\INC -IC:\Keil\ARM\CMSIS\Include -IC:\Keil\
ARM\Inc\Luminary --predefine="__EVAL SETA 1" --list=.\systick.lst SysTick.s



ARM Macro Assembler    Page 1 Alphabetic symbol ordering
Relocatable symbols

.text 00000000

Symbol: .text
   Definitions
      At line 11 in file SysTick.s
   Uses
      None
Comment: .text unused
SysTick_Init 00000000

Symbol: SysTick_Init
   Definitions
      At line 22 in file SysTick.s
   Uses
      None
Comment: SysTick_Init unused
2 symbols



ARM Macro Assembler    Page 1 Alphabetic symbol ordering
Absolute symbols

NVIC_ST_CTRL_R E000E010

Symbol: NVIC_ST_CTRL_R
   Definitions
      At line 7 in file SysTick.s
   Uses
      None
Comment: NVIC_ST_CTRL_R unused
NVIC_ST_CURRENT_R E000E018

Symbol: NVIC_ST_CURRENT_R
   Definitions
      At line 9 in file SysTick.s
   Uses
      None
Comment: NVIC_ST_CURRENT_R unused
NVIC_ST_RELOAD_R E000E014

Symbol: NVIC_ST_RELOAD_R
   Definitions
      At line 8 in file SysTick.s
   Uses
      None
Comment: NVIC_ST_RELOAD_R unused
3 symbols
336 symbols in table
