<html>
<body>
<pre>
<h1>µVision Build Log</h1>
<h2>Project:</h2>
C:\Keil\EE319KwareSpring2018\Lab3_EE319K-Spring2018\Lab3.uvproj
Project File Date:  01/16/2018

<h2>Output:</h2>
Build target 'Lab3'
assembling main.s...
linking...
Program Size: Code=2024 RO-data=240 RW-data=48 ZI-data=1080  
".\Lab3.axf" - 0 Error(s), 0 Warning(s).
 0x00000FFF
".\Lab3.axf" - 1 Error(s), 0 Warning(s).
Target not created
0000FFF
".\Lab3.axf" - 1 Error(s), 1 Warning(s).
Target not created
in data area
main.s(69): error: A1186E: Code generated in data area
main.s(70): error: A1186E: Code generated in data area
main.s(71): error: A1186E: Code generated in data area
main.s(72): error: A1186E: Code generated in data area
main.s(73): error: A1186E: Code generated in data area
main.s(79): error: A1186E: Code generated in data area
main.s(80): error: A1186E: Code generated in data area
main.s(81): error: A1186E: Code generated in data area
main.s(82): error: A1186E: Code generated in data area
main.s(84): error: A1186E: Code generated in data area
main.s(85): error: A1186E: Code generated in data area
main.s(86): error: A1186E: Code generated in data area
main.s(87): error: A1186E: Code generated in data area
main.s(93): error: A1186E: Code generated in data area
main.s(94): error: A1186E: Code generated in data area
main.s(95): error: A1163E: Unknown opcode again , expecting opcode or Macro
main.s(96): error: A1186E: Code generated in data area
main.s(97): error: A1186E: Code generated in data area
main.s(98): error: A1186E: Code generated in data area
main.s(102): error: A1186E: Code generated in data area
main.s(103): error: A1186E: Code generated in data area
main.s(104): error: A1186E: Code generated in data area
main.s(105): error: A1186E: Code generated in data area
main.s(109): error: A1186E: Code generated in data area
main.s(110): error: A1186E: Code generated in data area
main.s(111): error: A1186E: Code generated in data area
main.s(112): error: A1186E: Code generated in data area
main.s(116): error: A1186E: Code generated in data area
main.s(117): error: A1186E: Code generated in data area
main.s(118): error: A1186E: Code generated in data area
main.s(119): error: A1186E: Code generated in data area
main.s(120): error: A1112E: Expected address expression
main.s(124): error: A1186E: Code generated in data area
main.s(125): error: A1186E: Code generated in data area
main.s(126): error: A1186E: Code generated in data area
main.s(127): error: A1186E: Code generated in data area
main.s(130): error: A1186E: Code generated in data area
main.s(135): error: A1163E: Unknown opcode TurnLEDOn: , expecting opcode or Macro
main.s(136): error: A1186E: Code generated in data area
main.s(137): error: A1186E: Code generated in data area
main.s(138): error: A1186E: Code generated in data area
main.s(139): error: A1186E: Code generated in data area
main.s(147): error: A1186E: Code generated in data area
".\Lab3.axf" - 48 Error(s), 0 Warning(s).
Target not created
